[2026-09-24 05:27:10] [INFO] [数据] 已读取工作表 'label': 100 行
[2026-09-24 05:27:10] [INFO] [数据] 加载标注表: 100 条样本, 列名: ['video_id', 'clip_id', 'text', 'label', 'annotation']
[2026-09-24 05:27:10] [INFO] ========================================================================
[2026-09-24 05:27:10] [INFO] 流水线启动：100 条样本；未对齐输出 D:\23届建模\data\unaligned_features；对齐输出 D:\23届建模\data\aligned
[2026-09-24 05:27:10] [INFO] ========================================================================
[2026-09-24 05:27:11] [INFO] ------------------------------------------------------------------------
[2026-09-24 05:27:11] [INFO] [1/4] 开始：文本（RoBERTa 词级，不对齐）
Warning: You are sending unauthenticated requests to the HF Hub. Please set a HF_TOKEN to enable higher rate limits and faster downloads.
Loading weights:   0%|          | 0/197 [00:00<?, ?it/s]Loading weights:  14%|█▎        | 27/197 [00:00<00:00, 268.44it/s]Loading weights:  27%|██▋       | 54/197 [00:00<00:00, 266.13it/s]Loading weights: 100%|██████████| 197/197 [00:00<00:00, 694.68it/s]
[transformers] [1mRobertaModel LOAD REPORT[0m from: roberta-base
Key                       | Status     | 
--------------------------+------------+-
lm_head.layer_norm.weight | UNEXPECTED | 
lm_head.layer_norm.bias   | UNEXPECTED | 
lm_head.bias              | UNEXPECTED | 
lm_head.dense.weight      | UNEXPECTED | 
lm_head.dense.bias        | UNEXPECTED | 
pooler.dense.bias         | MISSING    | 
pooler.dense.weight       | MISSING    | 

Notes:
- UNEXPECTED:	can be ignored when loading from different task/architecture; not ok if you expect identical arch.
- MISSING:	those params were newly initialized because missing from the checkpoint. Consider training on your downstream task.
[2026-09-24 05:27:22] [INFO] [文本] 模型就绪 roberta-base（hidden=768, device=cpu, max_length=512）
[2026-09-24 05:27:22] [INFO] [文本] (1/100) -3g5yACwYnA_13 -> (W=17, D=768) 时长=5.51s
[2026-09-24 05:27:22] [INFO] [文本] (2/100) -3g5yACwYnA_3 -> (W=34, D=768) 时长=14.39s
[2026-09-24 05:27:22] [INFO] [文本] (3/100) -3g5yACwYnA_2 -> (W=16, D=768) 时长=9.39s
[2026-09-24 05:27:22] [INFO] [文本] (4/100) -3g5yACwYnA_9 -> (W=28, D=768) 时长=8.82s
[2026-09-24 05:27:22] [INFO] [文本] (5/100) -3nNcZdcdvU_5 -> (W=19, D=768) 时长=7.87s
[2026-09-24 05:27:22] [INFO] [文本] (6/100) -HwX2H8Z4hY_2 -> (W=11, D=768) 时长=3.98s
[2026-09-24 05:27:22] [INFO] [文本] (7/100) -HwX2H8Z4hY_5 -> (W=10, D=768) 时长=5.65s
[2026-09-24 05:27:23] [INFO] [文本] (8/100) -HwX2H8Z4hY_6 -> (W=8, D=768) 时长=3.36s
[2026-09-24 05:27:23] [INFO] [文本] (9/100) -HwX2H8Z4hY_9 -> (W=23, D=768) 时长=7.73s
[2026-09-24 05:27:23] [INFO] [文本] (10/100) -NFrJFQijFE_1 -> (W=16, D=768) 时长=5.75s
[2026-09-24 05:27:23] [INFO] [文本] (11/100) -NFrJFQijFE_2 -> (W=18, D=768) 时长=6.86s
[2026-09-24 05:27:23] [INFO] [文本] (12/100) -THoVjtIkeU_12 -> (W=42, D=768) 时长=14.90s
[2026-09-24 05:27:23] [INFO] [文本] (13/100) -THoVjtIkeU_2 -> (W=11, D=768) 时长=4.29s
[2026-09-24 05:27:23] [INFO] [文本] (14/100) -THoVjtIkeU_6 -> (W=32, D=768) 时长=8.10s
[2026-09-24 05:27:23] [INFO] [文本] (15/100) -UuX1xuaiiE_1 -> (W=32, D=768) 时长=10.35s
[2026-09-24 05:27:24] [INFO] [文本] (16/100) -UuX1xuaiiE_0 -> (W=11, D=768) 时长=3.63s
[2026-09-24 05:27:24] [INFO] [文本] (17/100) -UuX1xuaiiE_3 -> (W=9, D=768) 时长=4.13s
[2026-09-24 05:27:24] [INFO] [文本] (18/100) -UuX1xuaiiE_6 -> (W=23, D=768) 时长=8.11s
[2026-09-24 05:27:24] [INFO] [文本] (19/100) -a55Q6RWvTA_3 -> (W=78, D=768) 时长=22.15s
[2026-09-24 05:27:24] [INFO] [文本] (20/100) -aNfi7CP8vM_7 -> (W=22, D=768) 时长=8.69s
[2026-09-24 05:27:24] [INFO] [文本] (21/100) -aqamKhZ1Ec_0 -> (W=16, D=768) 时长=10.97s
[2026-09-24 05:27:24] [INFO] [文本] (22/100) -dxfTGcXJoc_1 -> (W=41, D=768) 时长=16.16s
[2026-09-24 05:27:25] [INFO] [文本] (23/100) -dxfTGcXJoc_0 -> (W=47, D=768) 时长=20.50s
[2026-09-24 05:27:25] [INFO] [文本] (24/100) -dxfTGcXJoc_2 -> (W=39, D=768) 时长=16.70s
[2026-09-24 05:27:25] [INFO] [文本] (25/100) -dxfTGcXJoc_6 -> (W=31, D=768) 时长=12.74s
[2026-09-24 05:27:25] [INFO] [文本] (26/100) -egA8-b7-3M_26 -> (W=17, D=768) 时长=6.03s
[2026-09-24 05:27:25] [INFO] [文本] (27/100) -egA8-b7-3M_17 -> (W=19, D=768) 时长=7.27s
[2026-09-24 05:27:25] [INFO] [文本] (28/100) -egA8-b7-3M_18 -> (W=25, D=768) 时长=8.39s
[2026-09-24 05:27:25] [INFO] [文本] (29/100) -egA8-b7-3M_16 -> (W=13, D=768) 时长=5.54s
[2026-09-24 05:27:25] [INFO] [文本] (30/100) -egA8-b7-3M_13 -> (W=14, D=768) 时长=4.18s
[2026-09-24 05:27:26] [INFO] [文本] (31/100) -egA8-b7-3M_1 -> (W=22, D=768) 时长=10.27s
[2026-09-24 05:27:26] [INFO] [文本] (32/100) -egA8-b7-3M_6 -> (W=13, D=768) 时长=6.26s
[2026-09-24 05:27:26] [INFO] [文本] (33/100) -egA8-b7-3M_9 -> (W=12, D=768) 时长=5.09s
[2026-09-24 05:27:26] [INFO] [文本] (34/100) -egA8-b7-3M_20 -> (W=23, D=768) 时长=6.64s
[2026-09-24 05:27:26] [INFO] [文本] (35/100) -iRBcNs9oI8_3 -> (W=9, D=768) 时长=5.62s
[2026-09-24 05:27:26] [INFO] [文本] (36/100) -iRBcNs9oI8_7 -> (W=14, D=768) 时长=4.10s
[2026-09-24 05:27:26] [INFO] [文本] (37/100) -iRBcNs9oI8_6 -> (W=5, D=768) 时长=2.90s
[2026-09-24 05:27:26] [INFO] [文本] (38/100) -iRBcNs9oI8_9 -> (W=5, D=768) 时长=3.42s
[2026-09-24 05:27:27] [INFO] [文本] (39/100) -iRBcNs9oI8_8 -> (W=25, D=768) 时长=8.09s
[2026-09-24 05:27:27] [INFO] [文本] (40/100) -lzEya4AM_4_5 -> (W=21, D=768) 时长=7.67s
[2026-09-24 05:27:27] [INFO] [文本] (41/100) -lzEya4AM_4_6 -> (W=46, D=768) 时长=14.79s
[2026-09-24 05:27:27] [INFO] [文本] (42/100) -mJ2ud6oKI8_1 -> (W=13, D=768) 时长=6.10s
[2026-09-24 05:27:27] [INFO] [文本] (43/100) -mJ2ud6oKI8_2 -> (W=11, D=768) 时长=5.73s
[2026-09-24 05:27:27] [INFO] [文本] (44/100) -mJ2ud6oKI8_6 -> (W=5, D=768) 时长=2.26s
[2026-09-24 05:27:27] [INFO] [文本] (45/100) -mJ2ud6oKI8_9 -> (W=25, D=768) 时长=7.03s
[2026-09-24 05:27:27] [INFO] [文本] (46/100) -mJ2ud6oKI8_8 -> (W=11, D=768) 时长=4.19s
[2026-09-24 05:27:28] [INFO] [文本] (47/100) -mqbVkbCndg_0 -> (W=17, D=768) 时长=6.47s
[2026-09-24 05:27:28] [INFO] [文本] (48/100) -t217m2on-s_2 -> (W=14, D=768) 时长=5.69s
[2026-09-24 05:27:28] [INFO] [文本] (49/100) -t217m2on-s_7 -> (W=50, D=768) 时长=17.18s
[2026-09-24 05:27:28] [INFO] [文本] (50/100) -tANM6ETl_M_3 -> (W=27, D=768) 时长=6.76s
[2026-09-24 05:27:28] [INFO] [文本] (51/100) -tPCytz4rww_11 -> (W=19, D=768) 时长=5.47s
[2026-09-24 05:27:28] [INFO] [文本] (52/100) -tPCytz4rww_10 -> (W=14, D=768) 时长=4.79s
[2026-09-24 05:27:28] [INFO] [文本] (53/100) -tPCytz4rww_12 -> (W=28, D=768) 时长=11.86s
[2026-09-24 05:27:28] [INFO] [文本] (54/100) -tPCytz4rww_16 -> (W=17, D=768) 时长=7.21s
[2026-09-24 05:27:29] [INFO] [文本] (55/100) -tPCytz4rww_18 -> (W=19, D=768) 时长=6.64s
[2026-09-24 05:27:29] [INFO] [文本] (56/100) -vxjVxOeScU_4 -> (W=25, D=768) 时长=9.13s
[2026-09-24 05:27:29] [INFO] [文本] (57/100) -wMB_hJL-3o_7 -> (W=23, D=768) 时长=6.04s
[2026-09-24 05:27:29] [INFO] [文本] (58/100) -wny0OAz3g8_1 -> (W=26, D=768) 时长=6.84s
[2026-09-24 05:27:29] [INFO] [文本] (59/100) -wny0OAz3g8_0 -> (W=10, D=768) 时长=3.33s
[2026-09-24 05:27:29] [INFO] [文本] (60/100) -wny0OAz3g8_3 -> (W=20, D=768) 时长=6.15s
[2026-09-24 05:27:29] [INFO] [文本] (61/100) -wny0OAz3g8_2 -> (W=27, D=768) 时长=6.69s
[2026-09-24 05:27:30] [INFO] [文本] (62/100) -wny0OAz3g8_5 -> (W=22, D=768) 时长=6.91s
[2026-09-24 05:27:30] [INFO] [文本] (63/100) -wny0OAz3g8_7 -> (W=29, D=768) 时长=8.07s
[2026-09-24 05:27:30] [INFO] [文本] (64/100) -wny0OAz3g8_9 -> (W=22, D=768) 时长=6.21s
[2026-09-24 05:27:30] [INFO] [文本] (65/100) -571d8cVauQ_0 -> (W=14, D=768) 时长=5.07s
[2026-09-24 05:27:30] [INFO] [文本] (66/100) -571d8cVauQ_5 -> (W=50, D=768) 时长=15.27s
[2026-09-24 05:27:30] [INFO] [文本] (67/100) -I_e4mIh0yE_1 -> (W=20, D=768) 时长=7.62s
[2026-09-24 05:27:30] [INFO] [文本] (68/100) -I_e4mIh0yE_3 -> (W=27, D=768) 时长=9.16s
[2026-09-24 05:27:30] [INFO] [文本] (69/100) -UacrmKiTn4_10 -> (W=21, D=768) 时长=7.36s
[2026-09-24 05:27:31] [INFO] [文本] (70/100) -UacrmKiTn4_4 -> (W=15, D=768) 时长=4.74s
[2026-09-24 05:27:31] [INFO] [文本] (71/100) -hnBHBN8p5A_7 -> (W=16, D=768) 时长=7.37s
[2026-09-24 05:27:31] [INFO] [文本] (72/100) -hnBHBN8p5A_6 -> (W=14, D=768) 时长=6.40s
[2026-09-24 05:27:31] [INFO] [文本] (73/100) -qDkUB0GgYY_6 -> (W=18, D=768) 时长=4.68s
[2026-09-24 05:27:31] [INFO] [文本] (74/100) -uywlfIYOS8_4 -> (W=21, D=768) 时长=6.04s
[2026-09-24 05:27:31] [INFO] [文本] (75/100) -6rXp3zJ3kc_8 -> (W=36, D=768) 时长=12.81s
[2026-09-24 05:27:31] [INFO] [文本] (76/100) -9y-fZ3swSY_0 -> (W=27, D=768) 时长=6.83s
[2026-09-24 05:27:31] [INFO] [文本] (77/100) -9y-fZ3swSY_4 -> (W=10, D=768) 时长=2.82s
[2026-09-24 05:27:32] [INFO] [文本] (78/100) -9y-fZ3swSY_8 -> (W=13, D=768) 时长=4.99s
[2026-09-24 05:27:32] [INFO] [文本] (79/100) -AUZQgSxyPQ_2 -> (W=46, D=768) 时长=22.51s
[2026-09-24 05:27:32] [INFO] [文本] (80/100) -HeZS2-Prhc_2 -> (W=17, D=768) 时长=8.26s
[2026-09-24 05:27:32] [INFO] [文本] (81/100) -MeTTeMJBNc_0 -> (W=25, D=768) 时长=9.30s
[2026-09-24 05:27:32] [INFO] [文本] (82/100) -MeTTeMJBNc_13 -> (W=16, D=768) 时长=5.43s
[2026-09-24 05:27:32] [INFO] [文本] (83/100) -MeTTeMJBNc_7 -> (W=33, D=768) 时长=10.52s
[2026-09-24 05:27:32] [INFO] [文本] (84/100) -RfYyzHpjk4_11 -> (W=19, D=768) 时长=5.24s
[2026-09-24 05:27:32] [INFO] [文本] (85/100) -RfYyzHpjk4_8 -> (W=20, D=768) 时长=4.59s
[2026-09-24 05:27:33] [INFO] [文本] (86/100) -RfYyzHpjk4_2 -> (W=28, D=768) 时长=5.52s
[2026-09-24 05:27:33] [INFO] [文本] (87/100) -UUCSKoHeMA_0 -> (W=21, D=768) 时长=7.80s
[2026-09-24 05:27:33] [INFO] [文本] (88/100) -ri04Z7vwnc_0 -> (W=8, D=768) 时长=2.81s
[2026-09-24 05:27:33] [INFO] [文本] (89/100) -ri04Z7vwnc_2 -> (W=22, D=768) 时长=6.03s
[2026-09-24 05:27:33] [INFO] [文本] (90/100) -ri04Z7vwnc_5 -> (W=10, D=768) 时长=3.54s
[2026-09-24 05:27:33] [INFO] [文本] (91/100) -s9qJ7ATP7w_1 -> (W=12, D=768) 时长=4.79s
[2026-09-24 05:27:33] [INFO] [文本] (92/100) -s9qJ7ATP7w_0 -> (W=28, D=768) 时长=6.80s
[2026-09-24 05:27:33] [INFO] [文本] (93/100) -s9qJ7ATP7w_5 -> (W=20, D=768) 时长=8.56s
[2026-09-24 05:27:34] [INFO] [文本] (94/100) -s9qJ7ATP7w_4 -> (W=10, D=768) 时长=4.43s
[2026-09-24 05:27:34] [INFO] [文本] (95/100) -s9qJ7ATP7w_7 -> (W=35, D=768) 时长=6.97s
[2026-09-24 05:27:34] [INFO] [文本] (96/100) -s9qJ7ATP7w_6 -> (W=5, D=768) 时长=2.48s
[2026-09-24 05:27:34] [INFO] [文本] (97/100) -s9qJ7ATP7w_8 -> (W=17, D=768) 时长=3.29s
[2026-09-24 05:27:34] [INFO] [文本] (98/100) -yRb-Jum7EQ_1 -> (W=55, D=768) 时长=29.29s
[2026-09-24 05:27:34] [INFO] [文本] (99/100) -yRb-Jum7EQ_5 -> (W=29, D=768) 时长=13.17s
[2026-09-24 05:27:34] [INFO] [文本] (100/100) -yRb-Jum7EQ_6 -> (W=22, D=768) 时长=11.23s
[2026-09-24 05:27:34] [INFO] [文本] 完成：成功 100 / 跳过 0 / 失败 0（输出目录 D:\23届建模\data\unaligned_features\text）
[2026-09-24 05:27:34] [INFO] [1/4] 完成：文本（RoBERTa 词级，不对齐）（用时 23.0 s）
[2026-09-24 05:27:34] [INFO] ------------------------------------------------------------------------
[2026-09-24 05:27:34] [INFO] [2/4] 开始：语音（74 维 @ 20 Hz，不对齐）
[2026-09-24 05:27:34] [INFO] [音频] 逐帧 74 维，帧率 20.0 Hz（sr=16000, hop=800=50.0 ms, win=1024, n_mfcc=20）
[2026-09-24 05:27:36] [INFO] [音频] (1/100) -3g5yACwYnA_13 -> (T=108, D=74) 音频=5.40s 浊音占比=0.34
[2026-09-24 05:27:36] [INFO] [音频] (2/100) -3g5yACwYnA_3 -> (T=287, D=74) 音频=14.33s 浊音占比=0.28
[2026-09-24 05:27:36] [INFO] [音频] (3/100) -3g5yACwYnA_2 -> (T=185, D=74) 音频=9.23s 浊音占比=0.48
[2026-09-24 05:27:37] [INFO] [音频] (4/100) -3g5yACwYnA_9 -> (T=174, D=74) 音频=8.70s 浊音占比=0.46
[2026-09-24 05:27:37] [INFO] [音频] (5/100) -3nNcZdcdvU_5 -> (T=156, D=74) 音频=7.79s 浊音占比=0.35
[2026-09-24 05:27:37] [INFO] [音频] (6/100) -HwX2H8Z4hY_2 -> (T=79, D=74) 音频=3.92s 浊音占比=1.00
[2026-09-24 05:27:37] [INFO] [音频] (7/100) -HwX2H8Z4hY_5 -> (T=111, D=74) 音频=5.54s 浊音占比=0.54
[2026-09-24 05:27:38] [INFO] [音频] (8/100) -HwX2H8Z4hY_6 -> (T=66, D=74) 音频=3.26s 浊音占比=0.76
[2026-09-24 05:27:38] [INFO] [音频] (9/100) -HwX2H8Z4hY_9 -> (T=153, D=74) 音频=7.64s 浊音占比=0.31
[2026-09-24 05:27:38] [INFO] [音频] (10/100) -NFrJFQijFE_1 -> (T=114, D=74) 音频=5.66s 浊音占比=0.88
[2026-09-24 05:27:38] [INFO] [音频] (11/100) -NFrJFQijFE_2 -> (T=134, D=74) 音频=6.70s 浊音占比=0.51
[2026-09-24 05:27:39] [INFO] [音频] (12/100) -THoVjtIkeU_12 -> (T=297, D=74) 音频=14.80s 浊音占比=0.56
[2026-09-24 05:27:39] [INFO] [音频] (13/100) -THoVjtIkeU_2 -> (T=85, D=74) 音频=4.23s 浊音占比=0.06
[2026-09-24 05:27:39] [INFO] [音频] (14/100) -THoVjtIkeU_6 -> (T=160, D=74) 音频=7.98s 浊音占比=0.45
[2026-09-24 05:27:40] [INFO] [音频] (15/100) -UuX1xuaiiE_1 -> (T=206, D=74) 音频=10.27s 浊音占比=0.16
[2026-09-24 05:27:40] [INFO] [音频] (16/100) -UuX1xuaiiE_0 -> (T=72, D=74) 音频=3.58s 浊音占比=0.58
[2026-09-24 05:27:40] [INFO] [音频] (17/100) -UuX1xuaiiE_3 -> (T=81, D=74) 音频=4.04s 浊音占比=0.48
[2026-09-24 05:27:40] [INFO] [音频] (18/100) -UuX1xuaiiE_6 -> (T=159, D=74) 音频=7.94s 浊音占比=0.74
[2026-09-24 05:27:41] [INFO] [音频] (19/100) -a55Q6RWvTA_3 -> (T=442, D=74) 音频=22.08s 浊音占比=0.95
[2026-09-24 05:27:41] [INFO] [音频] (20/100) -aNfi7CP8vM_7 -> (T=171, D=74) 音频=8.54s 浊音占比=0.58
[2026-09-24 05:27:42] [INFO] [音频] (21/100) -aqamKhZ1Ec_0 -> (T=218, D=74) 音频=10.89s 浊音占比=0.01
[2026-09-24 05:27:42] [INFO] [音频] (22/100) -dxfTGcXJoc_1 -> (T=321, D=74) 音频=16.02s 浊音占比=0.27
[2026-09-24 05:27:42] [INFO] [音频] (23/100) -dxfTGcXJoc_0 -> (T=409, D=74) 音频=20.41s 浊音占比=0.11
[2026-09-24 05:27:43] [INFO] [音频] (24/100) -dxfTGcXJoc_2 -> (T=333, D=74) 音频=16.63s 浊音占比=0.40
[2026-09-24 05:27:43] [INFO] [音频] (25/100) -dxfTGcXJoc_6 -> (T=253, D=74) 音频=12.63s 浊音占比=0.40
[2026-09-24 05:27:43] [INFO] [音频] (26/100) -egA8-b7-3M_26 -> (T=119, D=74) 音频=5.92s 浊音占比=0.76
[2026-09-24 05:27:44] [INFO] [音频] (27/100) -egA8-b7-3M_17 -> (T=142, D=74) 音频=7.09s 浊音占比=0.61
[2026-09-24 05:27:44] [INFO] [音频] (28/100) -egA8-b7-3M_18 -> (T=166, D=74) 音频=8.27s 浊音占比=0.76
[2026-09-24 05:27:44] [INFO] [音频] (29/100) -egA8-b7-3M_16 -> (T=110, D=74) 音频=5.48s 浊音占比=0.92
[2026-09-24 05:27:44] [INFO] [音频] (30/100) -egA8-b7-3M_13 -> (T=81, D=74) 音频=4.02s 浊音占比=0.54
[2026-09-24 05:27:45] [INFO] [音频] (31/100) -egA8-b7-3M_1 -> (T=204, D=74) 音频=10.16s 浊音占比=0.77
[2026-09-24 05:27:45] [INFO] [音频] (32/100) -egA8-b7-3M_6 -> (T=124, D=74) 音频=6.18s 浊音占比=0.77
[2026-09-24 05:27:45] [INFO] [音频] (33/100) -egA8-b7-3M_9 -> (T=99, D=74) 音频=4.94s 浊音占比=0.76
[2026-09-24 05:27:45] [INFO] [音频] (34/100) -egA8-b7-3M_20 -> (T=130, D=74) 音频=6.47s 浊音占比=0.81
[2026-09-24 05:27:46] [INFO] [音频] (35/100) -iRBcNs9oI8_3 -> (T=111, D=74) 音频=5.54s 浊音占比=0.61
[2026-09-24 05:27:46] [INFO] [音频] (36/100) -iRBcNs9oI8_7 -> (T=81, D=74) 音频=4.01s 浊音占比=0.65
[2026-09-24 05:27:46] [INFO] [音频] (37/100) -iRBcNs9oI8_6 -> (T=57, D=74) 音频=2.82s 浊音占比=0.81
[2026-09-24 05:27:46] [INFO] [音频] (38/100) -iRBcNs9oI8_9 -> (T=68, D=74) 音频=3.37s 浊音占比=0.34
[2026-09-24 05:27:47] [INFO] [音频] (39/100) -iRBcNs9oI8_8 -> (T=161, D=74) 音频=8.03s 浊音占比=0.47
[2026-09-24 05:27:47] [INFO] [音频] (40/100) -lzEya4AM_4_5 -> (T=152, D=74) 音频=7.57s 浊音占比=0.74
[2026-09-24 05:27:47] [INFO] [音频] (41/100) -lzEya4AM_4_6 -> (T=295, D=74) 音频=14.74s 浊音占比=0.60
[2026-09-24 05:27:48] [INFO] [音频] (42/100) -mJ2ud6oKI8_1 -> (T=122, D=74) 音频=6.05s 浊音占比=0.00
[2026-09-24 05:27:48] [INFO] [音频] (43/100) -mJ2ud6oKI8_2 -> (T=115, D=74) 音频=5.70s 浊音占比=0.00
[2026-09-24 05:27:48] [INFO] [音频] (44/100) -mJ2ud6oKI8_6 -> (T=45, D=74) 音频=2.23s 浊音占比=0.42
[2026-09-24 05:27:48] [INFO] [音频] (45/100) -mJ2ud6oKI8_9 -> (T=139, D=74) 音频=6.91s 浊音占比=0.70
[2026-09-24 05:27:49] [INFO] [音频] (46/100) -mJ2ud6oKI8_8 -> (T=84, D=74) 音频=4.17s 浊音占比=0.69
[2026-09-24 05:27:49] [INFO] [音频] (47/100) -mqbVkbCndg_0 -> (T=128, D=74) 音频=6.38s 浊音占比=0.79
[2026-09-24 05:27:49] [INFO] [音频] (48/100) -t217m2on-s_2 -> (T=113, D=74) 音频=5.63s 浊音占比=0.70
[2026-09-24 05:27:49] [INFO] [音频] (49/100) -t217m2on-s_7 -> (T=341, D=74) 音频=17.03s 浊音占比=0.47
[2026-09-24 05:27:50] [INFO] [音频] (50/100) -tANM6ETl_M_3 -> (T=133, D=74) 音频=6.60s 浊音占比=0.59
[2026-09-24 05:27:50] [INFO] [音频] (51/100) -tPCytz4rww_11 -> (T=108, D=74) 音频=5.38s 浊音占比=0.85
[2026-09-24 05:27:50] [INFO] [音频] (52/100) -tPCytz4rww_10 -> (T=94, D=74) 音频=4.68s 浊音占比=0.36
[2026-09-24 05:27:51] [INFO] [音频] (53/100) -tPCytz4rww_12 -> (T=235, D=74) 音频=11.74s 浊音占比=0.78
[2026-09-24 05:27:51] [INFO] [音频] (54/100) -tPCytz4rww_16 -> (T=143, D=74) 音频=7.14s 浊音占比=0.68
[2026-09-24 05:27:51] [INFO] [音频] (55/100) -tPCytz4rww_18 -> (T=132, D=74) 音频=6.57s 浊音占比=0.78
[2026-09-24 05:27:51] [INFO] [音频] (56/100) -vxjVxOeScU_4 -> (T=181, D=74) 音频=9.04s 浊音占比=0.55
[2026-09-24 05:27:52] [INFO] [音频] (57/100) -wMB_hJL-3o_7 -> (T=120, D=74) 音频=5.98s 浊音占比=0.80
[2026-09-24 05:27:52] [INFO] [音频] (58/100) -wny0OAz3g8_1 -> (T=136, D=74) 音频=6.78s 浊音占比=0.71
[2026-09-24 05:27:52] [INFO] [音频] (59/100) -wny0OAz3g8_0 -> (T=66, D=74) 音频=3.27s 浊音占比=0.88
[2026-09-24 05:27:52] [INFO] [音频] (60/100) -wny0OAz3g8_3 -> (T=122, D=74) 音频=6.10s 浊音占比=1.00
[2026-09-24 05:27:53] [INFO] [音频] (61/100) -wny0OAz3g8_2 -> (T=131, D=74) 音频=6.52s 浊音占比=0.73
[2026-09-24 05:27:53] [INFO] [音频] (62/100) -wny0OAz3g8_5 -> (T=135, D=74) 音频=6.74s 浊音占比=0.55
[2026-09-24 05:27:53] [INFO] [音频] (63/100) -wny0OAz3g8_7 -> (T=159, D=74) 音频=7.91s 浊音占比=0.84
[2026-09-24 05:27:53] [INFO] [音频] (64/100) -wny0OAz3g8_9 -> (T=121, D=74) 音频=6.04s 浊音占比=0.91
[2026-09-24 05:27:54] [INFO] [音频] (65/100) -571d8cVauQ_0 -> (T=100, D=74) 音频=4.99s 浊音占比=0.70
[2026-09-24 05:27:54] [INFO] [音频] (66/100) -571d8cVauQ_5 -> (T=303, D=74) 音频=15.12s 浊音占比=0.64
[2026-09-24 05:27:54] [INFO] [音频] (67/100) -I_e4mIh0yE_1 -> (T=149, D=74) 音频=7.44s 浊音占比=0.62
[2026-09-24 05:27:55] [INFO] [音频] (68/100) -I_e4mIh0yE_3 -> (T=180, D=74) 音频=8.99s 浊音占比=0.55
[2026-09-24 05:27:55] [INFO] [音频] (69/100) -UacrmKiTn4_10 -> (T=145, D=74) 音频=7.24s 浊音占比=0.46
[2026-09-24 05:27:55] [INFO] [音频] (70/100) -UacrmKiTn4_4 -> (T=94, D=74) 音频=4.68s 浊音占比=0.61
[2026-09-24 05:27:55] [INFO] [音频] (71/100) -hnBHBN8p5A_7 -> (T=147, D=74) 音频=7.31s 浊音占比=0.48
[2026-09-24 05:27:56] [INFO] [音频] (72/100) -hnBHBN8p5A_6 -> (T=127, D=74) 音频=6.33s 浊音占比=0.26
[2026-09-24 05:27:56] [INFO] [音频] (73/100) -qDkUB0GgYY_6 -> (T=93, D=74) 音频=4.61s 浊音占比=0.95
[2026-09-24 05:27:56] [INFO] [音频] (74/100) -uywlfIYOS8_4 -> (T=118, D=74) 音频=5.88s 浊音占比=0.86
[2026-09-24 05:27:56] [INFO] [音频] (75/100) -6rXp3zJ3kc_8 -> (T=255, D=74) 音频=12.74s 浊音占比=0.89
[2026-09-24 05:27:57] [INFO] [音频] (76/100) -9y-fZ3swSY_0 -> (T=136, D=74) 音频=6.76s 浊音占比=0.59
[2026-09-24 05:27:57] [INFO] [音频] (77/100) -9y-fZ3swSY_4 -> (T=54, D=74) 音频=2.66s 浊音占比=0.35
[2026-09-24 05:27:57] [INFO] [音频] (78/100) -9y-fZ3swSY_8 -> (T=99, D=74) 音频=4.92s 浊音占比=0.25
[2026-09-24 05:27:58] [INFO] [音频] (79/100) -AUZQgSxyPQ_2 -> (T=449, D=74) 音频=22.40s 浊音占比=0.19
[2026-09-24 05:27:58] [INFO] [音频] (80/100) -HeZS2-Prhc_2 -> (T=164, D=74) 音频=8.15s 浊音占比=0.56
[2026-09-24 05:27:58] [INFO] [音频] (81/100) -MeTTeMJBNc_0 -> (T=185, D=74) 音频=9.22s 浊音占比=0.34
[2026-09-24 05:27:59] [INFO] [音频] (82/100) -MeTTeMJBNc_13 -> (T=106, D=74) 音频=5.25s 浊音占比=0.08
[2026-09-24 05:27:59] [INFO] [音频] (83/100) -MeTTeMJBNc_7 -> (T=209, D=74) 音频=10.41s 浊音占比=0.43
[2026-09-24 05:27:59] [INFO] [音频] (84/100) -RfYyzHpjk4_11 -> (T=102, D=74) 音频=5.07s 浊音占比=0.62
[2026-09-24 05:27:59] [INFO] [音频] (85/100) -RfYyzHpjk4_8 -> (T=91, D=74) 音频=4.53s 浊音占比=0.71
[2026-09-24 05:28:00] [INFO] [音频] (86/100) -RfYyzHpjk4_2 -> (T=108, D=74) 音频=5.39s 浊音占比=0.76
[2026-09-24 05:28:00] [INFO] [音频] (87/100) -UUCSKoHeMA_0 -> (T=155, D=74) 音频=7.73s 浊音占比=0.44
[2026-09-24 05:28:00] [INFO] [音频] (88/100) -ri04Z7vwnc_0 -> (T=56, D=74) 音频=2.76s 浊音占比=0.95
[2026-09-24 05:28:00] [INFO] [音频] (89/100) -ri04Z7vwnc_2 -> (T=119, D=74) 音频=5.91s 浊音占比=0.87
[2026-09-24 05:28:01] [INFO] [音频] (90/100) -ri04Z7vwnc_5 -> (T=69, D=74) 音频=3.44s 浊音占比=0.28
[2026-09-24 05:28:01] [INFO] [音频] (91/100) -s9qJ7ATP7w_1 -> (T=93, D=74) 音频=4.64s 浊音占比=0.52
[2026-09-24 05:28:01] [INFO] [音频] (92/100) -s9qJ7ATP7w_0 -> (T=135, D=74) 音频=6.71s 浊音占比=0.85
[2026-09-24 05:28:01] [INFO] [音频] (93/100) -s9qJ7ATP7w_5 -> (T=168, D=74) 音频=8.40s 浊音占比=0.95
[2026-09-24 05:28:02] [INFO] [音频] (94/100) -s9qJ7ATP7w_4 -> (T=85, D=74) 音频=4.25s 浊音占比=0.58
[2026-09-24 05:28:02] [INFO] [音频] (95/100) -s9qJ7ATP7w_7 -> (T=137, D=74) 音频=6.84s 浊音占比=0.61
[2026-09-24 05:28:02] [INFO] [音频] (96/100) -s9qJ7ATP7w_6 -> (T=47, D=74) 音频=2.31s 浊音占比=0.26
[2026-09-24 05:28:02] [INFO] [音频] (97/100) -s9qJ7ATP7w_8 -> (T=64, D=74) 音频=3.18s 浊音占比=0.00
[2026-09-24 05:28:03] [INFO] [音频] (98/100) -yRb-Jum7EQ_1 -> (T=583, D=74) 音频=29.11s 浊音占比=0.81
[2026-09-24 05:28:03] [INFO] [音频] (99/100) -yRb-Jum7EQ_5 -> (T=261, D=74) 音频=13.04s 浊音占比=0.70
[2026-09-24 05:28:03] [INFO] [音频] (100/100) -yRb-Jum7EQ_6 -> (T=225, D=74) 音频=11.24s 浊音占比=0.52
[2026-09-24 05:28:03] [INFO] [音频] 完成：成功 100 / 跳过 0 / 失败 0（输出目录 D:\23届建模\data\unaligned_features\audio）
[2026-09-24 05:28:03] [INFO] [2/4] 完成：语音（74 维 @ 20 Hz，不对齐）（用时 29.1 s）
[2026-09-24 05:28:03] [INFO] ------------------------------------------------------------------------
[2026-09-24 05:28:03] [INFO] [3/4] 开始：视觉（35 维人脸特征 @ 15 Hz，不对齐）
[2026-09-24 05:28:04] [INFO] [视觉] 逐帧 35 维（ResNet-50 2048 维 → 随机投影，seed=42, md5=992b29b9）
[2026-09-24 05:28:04] [INFO] [视觉] 采样率 15.0 Hz，人脸尺寸 160，device=cpu
[2026-09-24 05:28:18] [INFO] [视觉] (1/100) -3g5yACwYnA_13 -> (T=83, D=35) 人脸率=1.00 实测帧率=15.18 时长=5.47s
[2026-09-24 05:28:54] [INFO] [视觉] (2/100) -3g5yACwYnA_3 -> (T=216, D=35) 人脸率=1.00 实测帧率=15.07 时长=14.33s
[2026-09-24 05:29:18] [INFO] [视觉] (3/100) -3g5yACwYnA_2 -> (T=140, D=35) 人脸率=1.00 实测帧率=15.00 时长=9.33s
[2026-09-24 05:29:41] [INFO] [视觉] (4/100) -3g5yACwYnA_9 -> (T=132, D=35) 人脸率=1.00 实测帧率=15.06 时长=8.77s
[2026-09-24 05:29:53] [INFO] [视觉] (5/100) -3nNcZdcdvU_5 -> (T=118, D=35) 人脸率=0.99 实测帧率=15.13 时长=7.80s
[2026-09-24 05:30:04] [INFO] [视觉] (6/100) -HwX2H8Z4hY_2 -> (T=60, D=35) 人脸率=0.97 实测帧率=15.25 时长=3.93s
[2026-09-24 05:30:19] [INFO] [视觉] (7/100) -HwX2H8Z4hY_5 -> (T=85, D=35) 人脸率=1.00 实测帧率=15.18 时长=5.60s
[2026-09-24 05:30:28] [INFO] [视觉] (8/100) -HwX2H8Z4hY_6 -> (T=50, D=35) 人脸率=0.98 实测帧率=15.15 时长=3.30s
[2026-09-24 05:30:41] [INFO] [视觉] (9/100) -HwX2H8Z4hY_9 -> (T=116, D=35) 人脸率=0.35 实测帧率=15.13 时长=7.67s
[2026-09-24 05:30:49] [INFO] [视觉] (10/100) -NFrJFQijFE_1 -> (T=86, D=35) 人脸率=0.09 实测帧率=15.14 时长=5.68s
[2026-09-24 05:30:59] [INFO] [视觉] (11/100) -NFrJFQijFE_2 -> (T=102, D=35) 人脸率=0.09 实测帧率=15.00 时长=6.80s
[2026-09-24 05:31:24] [INFO] [视觉] (12/100) -THoVjtIkeU_12 -> (T=223, D=35) 人脸率=1.00 实测帧率=15.03 时长=14.83s
[2026-09-24 05:31:32] [INFO] [视觉] (13/100) -THoVjtIkeU_2 -> (T=64, D=35) 人脸率=1.00 实测帧率=15.24 时长=4.20s
[2026-09-24 05:31:46] [INFO] [视觉] (14/100) -THoVjtIkeU_6 -> (T=121, D=35) 人脸率=0.99 实测帧率=15.06 时长=8.03s
[2026-09-24 05:32:26] [INFO] [视觉] (15/100) -UuX1xuaiiE_1 -> (T=155, D=35) 人脸率=1.00 实测帧率=15.05 时长=10.30s
[2026-09-24 05:32:39] [INFO] [视觉] (16/100) -UuX1xuaiiE_0 -> (T=56, D=35) 人脸率=1.00 实测帧率=15.27 时长=3.67s
[2026-09-24 05:32:49] [INFO] [视觉] (17/100) -UuX1xuaiiE_3 -> (T=62, D=35) 人脸率=1.00 实测帧率=15.25 时长=4.07s
[2026-09-24 05:33:10] [INFO] [视觉] (18/100) -UuX1xuaiiE_6 -> (T=121, D=35) 人脸率=1.00 实测帧率=15.00 时长=8.07s
[2026-09-24 05:33:48] [INFO] [视觉] (19/100) -a55Q6RWvTA_3 -> (T=332, D=35) 人脸率=1.00 实测帧率=15.04 时长=22.07s
[2026-09-24 05:34:01] [INFO] [视觉] (20/100) -aNfi7CP8vM_7 -> (T=129, D=35) 人脸率=1.00 实测帧率=14.94 时长=8.63s
[2026-09-24 05:34:27] [INFO] [视觉] (21/100) -aqamKhZ1Ec_0 -> (T=165, D=35) 人脸率=1.00 实测帧率=15.05 时长=10.97s
[2026-09-24 05:34:49] [INFO] [视觉] (22/100) -dxfTGcXJoc_1 -> (T=242, D=35) 人脸率=1.00 实测帧率=15.03 时长=16.10s
[2026-09-24 05:35:13] [INFO] [视觉] (23/100) -dxfTGcXJoc_0 -> (T=308, D=35) 人脸率=0.78 实测帧率=15.02 时长=20.50s
[2026-09-24 05:35:37] [INFO] [视觉] (24/100) -dxfTGcXJoc_2 -> (T=250, D=35) 人脸率=1.00 实测帧率=15.06 时长=16.60s
[2026-09-24 05:35:55] [INFO] [视觉] (25/100) -dxfTGcXJoc_6 -> (T=191, D=35) 人脸率=1.00 实测帧率=15.04 时长=12.70s
[2026-09-24 05:36:06] [INFO] [视觉] (26/100) -egA8-b7-3M_26 -> (T=90, D=35) 人脸率=1.00 实测帧率=15.08 时长=5.97s
[2026-09-24 05:36:18] [INFO] [视觉] (27/100) -egA8-b7-3M_17 -> (T=108, D=35) 人脸率=1.00 实测帧率=14.93 时长=7.23s
[2026-09-24 05:36:31] [INFO] [视觉] (28/100) -egA8-b7-3M_18 -> (T=126, D=35) 人脸率=1.00 实测帧率=15.12 时长=8.33s
[2026-09-24 05:36:40] [INFO] [视觉] (29/100) -egA8-b7-3M_16 -> (T=83, D=35) 人脸率=1.00 实测帧率=15.18 时长=5.47s
[2026-09-24 05:36:47] [INFO] [视觉] (30/100) -egA8-b7-3M_13 -> (T=63, D=35) 人脸率=1.00 实测帧率=15.24 时长=4.13s
[2026-09-24 05:37:03] [INFO] [视觉] (31/100) -egA8-b7-3M_1 -> (T=154, D=35) 人脸率=1.00 实测帧率=15.10 时长=10.20s
[2026-09-24 05:37:13] [INFO] [视觉] (32/100) -egA8-b7-3M_6 -> (T=94, D=35) 人脸率=1.00 实测帧率=15.16 时长=6.20s
[2026-09-24 05:37:22] [INFO] [视觉] (33/100) -egA8-b7-3M_9 -> (T=76, D=35) 人脸率=1.00 实测帧率=15.10 时长=5.03s
[2026-09-24 05:37:32] [INFO] [视觉] (34/100) -egA8-b7-3M_20 -> (T=99, D=35) 人脸率=1.00 实测帧率=15.00 时长=6.60s
[2026-09-24 05:37:47] [INFO] [视觉] (35/100) -iRBcNs9oI8_3 -> (T=84, D=35) 人脸率=1.00 实测帧率=15.07 时长=5.57s
[2026-09-24 05:37:57] [INFO] [视觉] (36/100) -iRBcNs9oI8_7 -> (T=61, D=35) 人脸率=1.00 实测帧率=15.11 时长=4.04s
[2026-09-24 05:38:04] [INFO] [视觉] (37/100) -iRBcNs9oI8_6 -> (T=43, D=35) 人脸率=1.00 实测帧率=15.16 时长=2.84s
[2026-09-24 05:38:12] [INFO] [视觉] (38/100) -iRBcNs9oI8_9 -> (T=51, D=35) 人脸率=0.88 实测帧率=15.29 时长=3.34s
[2026-09-24 05:38:32] [INFO] [视觉] (39/100) -iRBcNs9oI8_8 -> (T=121, D=35) 人脸率=1.00 实测帧率=15.05 时长=8.04s
[2026-09-24 05:38:45] [INFO] [视觉] (40/100) -lzEya4AM_4_5 -> (T=115, D=35) 人脸率=1.00 实测帧率=15.07 时长=7.63s
[2026-09-24 05:39:10] [INFO] [视觉] (41/100) -lzEya4AM_4_6 -> (T=222, D=35) 人脸率=1.00 实测帧率=15.07 时长=14.73s
[2026-09-24 05:39:18] [INFO] [视觉] (42/100) -mJ2ud6oKI8_1 -> (T=91, D=35) 人脸率=0.00 实测帧率=15.15 时长=6.01s
[2026-09-24 05:39:32] [INFO] [视觉] (43/100) -mJ2ud6oKI8_2 -> (T=86, D=35) 人脸率=0.57 实测帧率=15.16 时长=5.67s
[2026-09-24 05:39:39] [INFO] [视觉] (44/100) -mJ2ud6oKI8_6 -> (T=34, D=35) 人脸率=1.00 实测帧率=15.44 时长=2.20s
[2026-09-24 05:39:57] [INFO] [视觉] (45/100) -mJ2ud6oKI8_9 -> (T=105, D=35) 人脸率=1.00 实测帧率=15.06 时长=6.97s
[2026-09-24 05:40:09] [INFO] [视觉] (46/100) -mJ2ud6oKI8_8 -> (T=63, D=35) 人脸率=1.00 实测帧率=15.23 时长=4.14s
[2026-09-24 05:40:25] [INFO] [视觉] (47/100) -mqbVkbCndg_0 -> (T=98, D=35) 人脸率=1.00 实测帧率=15.15 时长=6.47s
[2026-09-24 05:40:33] [INFO] [视觉] (48/100) -t217m2on-s_2 -> (T=85, D=35) 人脸率=1.00 实测帧率=15.18 时长=5.60s
[2026-09-24 05:41:00] [INFO] [视觉] (49/100) -t217m2on-s_7 -> (T=257, D=35) 人脸率=1.00 实测帧率=15.00 时长=17.13s
[2026-09-24 05:41:19] [INFO] [视觉] (50/100) -tANM6ETl_M_3 -> (T=101, D=35) 人脸率=1.00 实测帧率=15.07 时长=6.70s
[2026-09-24 05:41:28] [INFO] [视觉] (51/100) -tPCytz4rww_11 -> (T=82, D=35) 人脸率=1.00 实测帧率=15.19 时长=5.40s
[2026-09-24 05:41:35] [INFO] [视觉] (52/100) -tPCytz4rww_10 -> (T=72, D=35) 人脸率=1.00 实测帧率=15.21 时长=4.73s
[2026-09-24 05:41:53] [INFO] [视觉] (53/100) -tPCytz4rww_12 -> (T=178, D=35) 人脸率=1.00 实测帧率=15.09 时长=11.80s
[2026-09-24 05:42:04] [INFO] [视觉] (54/100) -tPCytz4rww_16 -> (T=108, D=35) 人脸率=1.00 实测帧率=15.14 时长=7.13s
[2026-09-24 05:42:14] [INFO] [视觉] (55/100) -tPCytz4rww_18 -> (T=100, D=35) 人脸率=1.00 实测帧率=15.15 时长=6.60s
[2026-09-24 05:42:28] [INFO] [视觉] (56/100) -vxjVxOeScU_4 -> (T=137, D=35) 人脸率=1.00 实测帧率=15.11 时长=9.07s
[2026-09-24 05:42:37] [INFO] [视觉] (57/100) -wMB_hJL-3o_7 -> (T=91, D=35) 人脸率=0.97 实测帧率=15.17 时长=6.00s
[2026-09-24 05:43:08] [INFO] [视觉] (58/100) -wny0OAz3g8_1 -> (T=103, D=35) 人脸率=1.00 实测帧率=15.15 时长=6.80s
[2026-09-24 05:43:21] [INFO] [视觉] (59/100) -wny0OAz3g8_0 -> (T=50, D=35) 人脸率=1.00 实测帧率=15.31 时长=3.27s
[2026-09-24 05:43:47] [INFO] [视觉] (60/100) -wny0OAz3g8_3 -> (T=92, D=35) 人脸率=1.00 实测帧率=15.16 时长=6.07s
[2026-09-24 05:44:15] [INFO] [视觉] (61/100) -wny0OAz3g8_2 -> (T=99, D=35) 人脸率=1.00 实测帧率=14.93 时长=6.63s
[2026-09-24 05:44:42] [INFO] [视觉] (62/100) -wny0OAz3g8_5 -> (T=103, D=35) 人脸率=1.00 实测帧率=15.00 时长=6.87s
[2026-09-24 05:45:17] [INFO] [视觉] (63/100) -wny0OAz3g8_7 -> (T=121, D=35) 人脸率=1.00 实测帧率=15.06 时长=8.03s
[2026-09-24 05:45:41] [INFO] [视觉] (64/100) -wny0OAz3g8_9 -> (T=92, D=35) 人脸率=1.00 实测帧率=14.92 时长=6.17s
[2026-09-24 05:45:50] [INFO] [视觉] (65/100) -571d8cVauQ_0 -> (T=77, D=35) 人脸率=0.96 实测帧率=15.00 时长=5.13s
[2026-09-24 05:46:17] [INFO] [视觉] (66/100) -571d8cVauQ_5 -> (T=228, D=35) 人脸率=1.00 实测帧率=14.97 时长=15.23s
[2026-09-24 05:46:29] [INFO] [视觉] (67/100) -I_e4mIh0yE_1 -> (T=113, D=35) 人脸率=1.00 实测帧率=14.93 时长=7.57s
[2026-09-24 05:46:45] [INFO] [视觉] (68/100) -I_e4mIh0yE_3 -> (T=136, D=35) 人脸率=1.00 实测帧率=14.95 时长=9.10s
[2026-09-24 05:46:56] [INFO] [视觉] (69/100) -UacrmKiTn4_10 -> (T=110, D=35) 人脸率=1.00 实测帧率=15.07 时长=7.30s
[2026-09-24 05:47:03] [INFO] [视觉] (70/100) -UacrmKiTn4_4 -> (T=71, D=35) 人脸率=1.00 实测帧率=15.21 时长=4.67s
[2026-09-24 05:47:28] [INFO] [视觉] (71/100) -hnBHBN8p5A_7 -> (T=110, D=35) 人脸率=1.00 实测帧率=15.07 时长=7.30s
[2026-09-24 05:47:44] [INFO] [视觉] (72/100) -hnBHBN8p5A_6 -> (T=96, D=35) 人脸率=0.98 实测帧率=15.14 时长=6.34s
[2026-09-24 05:47:51] [INFO] [视觉] (73/100) -qDkUB0GgYY_6 -> (T=70, D=35) 人脸率=1.00 实测帧率=15.22 时长=4.60s
[2026-09-24 05:48:00] [INFO] [视觉] (74/100) -uywlfIYOS8_4 -> (T=91, D=35) 人脸率=1.00 实测帧率=15.17 时长=6.00s
[2026-09-24 05:48:21] [INFO] [视觉] (75/100) -6rXp3zJ3kc_8 -> (T=192, D=35) 人脸率=1.00 实测帧率=15.08 时长=12.73s
[2026-09-24 05:48:39] [INFO] [视觉] (76/100) -9y-fZ3swSY_0 -> (T=104, D=35) 人脸率=1.00 实测帧率=15.15 时长=6.87s
[2026-09-24 05:48:46] [INFO] [视觉] (77/100) -9y-fZ3swSY_4 -> (T=41, D=35) 人脸率=1.00 实测帧率=14.82 时长=2.77s
[2026-09-24 05:48:59] [INFO] [视觉] (78/100) -9y-fZ3swSY_8 -> (T=75, D=35) 人脸率=1.00 实测帧率=15.20 时长=4.93s
[2026-09-24 05:49:58] [INFO] [视觉] (79/100) -AUZQgSxyPQ_2 -> (T=338, D=35) 人脸率=1.00 实测帧率=15.04 时长=22.47s
[2026-09-24 05:50:10] [INFO] [视觉] (80/100) -HeZS2-Prhc_2 -> (T=124, D=35) 人脸率=1.00 实测帧率=15.12 时长=8.20s
[2026-09-24 05:50:24] [INFO] [视觉] (81/100) -MeTTeMJBNc_0 -> (T=140, D=35) 人脸率=0.99 实测帧率=15.05 时长=9.30s
[2026-09-24 05:50:32] [INFO] [视觉] (82/100) -MeTTeMJBNc_13 -> (T=80, D=35) 人脸率=1.00 实测帧率=14.91 时长=5.37s
[2026-09-24 05:50:47] [INFO] [视觉] (83/100) -MeTTeMJBNc_7 -> (T=158, D=35) 人脸率=1.00 实测帧率=15.10 时长=10.47s
[2026-09-24 05:51:01] [INFO] [视觉] (84/100) -RfYyzHpjk4_11 -> (T=78, D=35) 人脸率=1.00 实测帧率=15.00 时长=5.20s
[2026-09-24 05:51:14] [INFO] [视觉] (85/100) -RfYyzHpjk4_8 -> (T=69, D=35) 人脸率=1.00 实测帧率=15.22 时长=4.53s
[2026-09-24 05:51:32] [INFO] [视觉] (86/100) -RfYyzHpjk4_2 -> (T=83, D=35) 人脸率=1.00 实测帧率=15.18 时长=5.47s
[2026-09-24 05:51:44] [INFO] [视觉] (87/100) -UUCSKoHeMA_0 -> (T=118, D=35) 人脸率=0.99 实测帧率=15.06 时长=7.83s
[2026-09-24 05:51:47] [INFO] [视觉] (88/100) -ri04Z7vwnc_0 -> (T=42, D=35) 人脸率=0.00 实测帧率=15.26 时长=2.75s
[2026-09-24 05:51:58] [INFO] [视觉] (89/100) -ri04Z7vwnc_2 -> (T=90, D=35) 人脸率=0.37 实测帧率=15.09 时长=5.96s
[2026-09-24 05:52:10] [INFO] [视觉] (90/100) -ri04Z7vwnc_5 -> (T=52, D=35) 人脸率=1.00 实测帧率=15.02 时长=3.46s
[2026-09-24 05:52:32] [INFO] [视觉] (91/100) -s9qJ7ATP7w_1 -> (T=71, D=35) 人脸率=1.00 实测帧率=15.00 时长=4.73s
[2026-09-24 05:53:02] [INFO] [视觉] (92/100) -s9qJ7ATP7w_0 -> (T=103, D=35) 人脸率=1.00 实测帧率=15.07 时长=6.83s
[2026-09-24 05:53:36] [INFO] [视觉] (93/100) -s9qJ7ATP7w_5 -> (T=127, D=35) 人脸率=1.00 实测帧率=14.94 时长=8.50s
[2026-09-24 05:53:54] [INFO] [视觉] (94/100) -s9qJ7ATP7w_4 -> (T=65, D=35) 人脸率=1.00 实测帧率=14.88 时长=4.37s
[2026-09-24 05:54:14] [INFO] [视觉] (95/100) -s9qJ7ATP7w_7 -> (T=104, D=35) 人脸率=0.76 实测帧率=15.07 时长=6.90s
[2026-09-24 10:49:10] [INFO] [视觉] (96/100) -s9qJ7ATP7w_6 -> (T=36, D=35) 人脸率=0.86 实测帧率=14.79 时长=2.43s
[2026-09-24 10:49:22] [INFO] [视觉] (97/100) -s9qJ7ATP7w_8 -> (T=49, D=35) 人脸率=1.00 实测帧率=15.15 时长=3.23s
