========================================================================
问题二：缺失模态鲁棒情感预测
========================================================================
附件2：train=3395  valid=728  test=727
验证集平凡基线：MAE(预测训练均值)=0.598  Acc(预测多数类 Positive)=0.464

[文本蒸馏表] 7569 个词元 id，覆盖词元区 100.0% 的词元；768→64 维
  仅由附件2 train 统计（验证/测试/附件3/附件4 未参与），缓存于 data/q2\text_emb_table.npz

[训练] 只按 valid 早停；test 全程不参与任何选择
D:\23届建模\code\q2_model.py:235: UserWarning: enable_nested_tensor is True, but self.use_nested_tensor is False because encoder_layer.norm_first was True
  self.encoder = nn.TransformerEncoder(enc_layer, num_layers=cfg.n_layers)
  文本支路初始化：官方768维蒸馏表（PCA→64），参数量 2,282,885
  epoch   1  loss=1.4208  valid acc=0.544 macroF1=0.407 MAE=0.559 r=0.309  sel=0.6104
  epoch   2  loss=1.2999  valid acc=0.555 macroF1=0.510 MAE=0.515 r=0.420  sel=0.6690
  epoch   3  loss=1.2157  valid acc=0.555 macroF1=0.523 MAE=0.497 r=0.473  sel=0.6786
  epoch   4  loss=1.1701  valid acc=0.565 macroF1=0.507 MAE=0.506 r=0.469  sel=0.6690
  epoch   5  loss=1.1015  valid acc=0.554 macroF1=0.526 MAE=0.499 r=0.464  sel=0.6796
  epoch   6  loss=1.0451  valid acc=0.563 macroF1=0.526 MAE=0.518 r=0.422  sel=0.6769
  epoch   7  loss=0.9656  valid acc=0.533 macroF1=0.521 MAE=0.528 r=0.417  sel=0.6725
  epoch   8  loss=0.9157  valid acc=0.551 macroF1=0.524 MAE=0.554 r=0.385  sel=0.6696
  epoch   9  loss=0.8629  valid acc=0.547 macroF1=0.505 MAE=0.540 r=0.419  sel=0.6627
  epoch  10  loss=0.8054  valid acc=0.534 macroF1=0.503 MAE=0.548 r=0.401  sel=0.6601
  epoch  11  loss=0.7816  valid acc=0.548 macroF1=0.509 MAE=0.546 r=0.384  sel=0.6636
  epoch  12  loss=0.7229  valid acc=0.530 macroF1=0.502 MAE=0.562 r=0.357  sel=0.6576
  epoch  13  loss=0.6943  valid acc=0.507 macroF1=0.485 MAE=0.559 r=0.344  sel=0.6492
  epoch  14  loss=0.6727  valid acc=0.551 macroF1=0.484 MAE=0.553 r=0.345  sel=0.6498
  epoch  15  loss=0.6124  valid acc=0.518 macroF1=0.506 MAE=0.556 r=0.367  sel=0.6603
  epoch  16  loss=0.6065  valid acc=0.552 macroF1=0.505 MAE=0.565 r=0.361  sel=0.6584
  epoch  17  loss=0.6139  valid acc=0.526 macroF1=0.495 MAE=0.574 r=0.337  sel=0.6517
  早停：第 17 轮，最佳为第 5 轮

[valid] Acc=0.5536  macroF1=0.5256  MAE=0.4993  Pearson=0.4644  (Neutral 召回=0.353)

[valid 错误归因]
  · 极性总体准确率 0.5536（403/728），其中 Neutral 召回 0.3533 为三类最低。
  · 244 个错误至少一侧是 Neutral，占全部错误的 75.1%——错误高度集中在「中性 vs 非中性」这条边界上，而不是随机散布。
  · 极性判错组的强度 MAE 0.5295，判对组 0.4749——错误共享同一批难样本。
  · 模态可用性分组里 MAE 最差的是 TAV（0.5002，n=713），最好的是 TA（0.4590，n=15）——说明模态越少掉得越多，缺失鲁棒性仍有空间。

[test] Acc=0.6025  macroF1=0.5637  MAE=0.5505  Pearson=0.4290  (Neutral 召回=0.405)

[test 错误归因]
  · 极性总体准确率 0.6025（438/727），其中 Neutral 召回 0.4051 为三类最低。
  · 196 个错误至少一侧是 Neutral，占全部错误的 67.8%——错误高度集中在「中性 vs 非中性」这条边界上，而不是随机散布。
  · 极性判错组的强度 MAE 0.6273，判对组 0.4998——错误共享同一批难样本。
  · 模态可用性分组里 MAE 最差的是 TAV（0.5535，n=699），最好的是 TA（0.4758，n=28）——说明模态越少掉得越多，缺失鲁棒性仍有空间。

[受控缺失实验] 4 类型 × 4 位置 × 3 时长 = 48 组（仅内存副本，不落盘）

  按by_missing_type：
    text           macroF1=0.5048 Acc=0.5315 MAE=0.5301 r=0.377
    audio          macroF1=0.5267 Acc=0.5523 MAE=0.4988 r=0.466
    vision         macroF1=0.5287 Acc=0.5573 MAE=0.5008 r=0.462
    audio+vision   macroF1=0.5288 Acc=0.5541 MAE=0.5005 r=0.463

  按by_position：
    head           macroF1=0.5194 Acc=0.5493 MAE=0.5082 r=0.445
    middle         macroF1=0.5226 Acc=0.5485 MAE=0.5072 r=0.445
    tail           macroF1=0.5257 Acc=0.5495 MAE=0.5082 r=0.433
    random         macroF1=0.5213 Acc=0.5480 MAE=0.5065 r=0.445

  按by_duration：
    short          macroF1=0.5277 Acc=0.5549 MAE=0.5023 r=0.455
    medium         macroF1=0.5244 Acc=0.5508 MAE=0.5072 r=0.444
    long           macroF1=0.5147 Acc=0.5408 MAE=0.5131 r=0.427

  [干预落点核验] 48 组中「屏蔽越界到非目标模态」的组数 = 0（应为 0；非 0 说明掩码又退化成跨模态并集）

[附件3 推理] 30 条缺失样本
  极性分布：{'Negative': 2, 'Neutral': 12, 'Positive': 16}
  强度：mean=0.555  std=0.454  min=0.158  max=2.114
  缺失规模 vs 预测置信度相关系数：-0.260

参数量 2,282,885（fp32 ≈ 8.7 MB）
产物目录：data/q2
