========================================================================
问题三：可解释的多模态情感预测（附件4 专项）
========================================================================
D:\23届建模\code\q2_model.py:235: UserWarning: enable_nested_tensor is True, but self.use_nested_tensor is False because encoder_layer.norm_first was True
  self.encoder = nn.TransformerEncoder(enc_layer, num_layers=cfg.n_layers)

[模型] 复用问题二训练结果：data\q2\q2_model.pt（同架构、同输入接口、同缺失语义；best_epoch=5）
  最佳轮次=5  valid={'accuracy': 0.5536, 'macro_f1': 0.5256, 'recall_negative': 0.5631, 'recall_neutral': 0.3533, 'recall_positive': 0.6568, 'mae': 0.4993, 'pearson': 0.4644}

[附件4] 装载 20 条可解释专项样本并重建槽位时间基准
  01: n_slots=22 dur=  9.00s speech= 3段 ratio=0.77 level=speech+syllable
  02: n_slots=19 dur=  3.49s speech= 1段 ratio=0.66 level=speech+syllable
  03: n_slots=33 dur=  9.66s speech= 8段 ratio=0.79 level=speech+syllable
  04: n_slots=26 dur=  6.99s speech=11段 ratio=0.53 level=speech+syllable
  05: n_slots=15 dur=  6.10s speech= 3段 ratio=0.61 level=speech+syllable
  06: n_slots=35 dur=  8.31s speech= 5段 ratio=0.70 level=speech+syllable
  07: n_slots=48 dur= 21.35s speech=20段 ratio=0.35 level=speech+syllable
  08: n_slots=11 dur=  5.09s speech= 1段 ratio=0.76 level=speech+syllable
  09: n_slots=18 dur=  5.04s speech= 4段 ratio=0.31 level=speech+syllable
  10: n_slots=30 dur=  9.94s speech=14段 ratio=0.50 level=speech+syllable
  11: n_slots=14 dur=  5.80s speech= 3段 ratio=0.49 level=speech+syllable
  12: n_slots=42 dur= 13.01s speech=10段 ratio=0.70 level=speech+syllable
  13: n_slots=30 dur=  8.68s speech=11段 ratio=0.48 level=speech+syllable
  14: n_slots=35 dur= 10.35s speech= 6段 ratio=0.75 level=speech+syllable
  15: n_slots=21 dur=  7.33s speech= 8段 ratio=0.69 level=speech+syllable
  16: n_slots=11 dur=  3.11s speech= 3段 ratio=0.58 level=speech+syllable
  17: n_slots=24 dur=  9.67s speech=14段 ratio=0.43 level=speech+syllable
  18: n_slots=48 dur= 18.81s speech=16段 ratio=0.53 level=speech+syllable
  19: n_slots=39 dur= 13.68s speech=16段 ratio=0.56 level=speech+syllable
  20: n_slots=43 dur= 10.95s speech=12段 ratio=0.73 level=speech+syllable

[图件] 生成 9 张

[解释卡] data\q3\explanation_cards.md

[汇总]
  极性分布：{'Positive': 10, 'Negative': 7, 'Neutral': 3}
  注意力占比均值：{'text': 0.97, 'audio': 0.009, 'vision': 0.021}
  留一扰动均值  ：{'text': 0.368, 'audio': 0.011, 'vision': 0.008}
  留一 KL 均值  ：{'text': 0.5085, 'audio': 0.0022, 'vision': 0.0112}
  拿掉即翻转类别：{'text': 12, 'audio': 0, 'vision': 1}
  证据模态覆盖  ：{'text': 20, 'audio': 20, 'vision': 19}（每模态被点到的样本数 / 20）
  主要参考模态分布：{'text': 20}
  两口径一致率：20/20 = 100.00%
  视觉整段缺失样本：['13']

产物目录：data/q3
